[petrogas-energy.com/index.html]
[backblue.gif]
[fade.gif]
[index.html]
[petrogas-energy.com/feed/index.html]
[petrogas-energy.com/comments/feed/index.html]
[petrogas-energy.com/home-extended/feed/index.html]
[petrogas-energy.com/wp-includes/js/jquery/jqueryb8ff.js]
[petrogas-energy.com/wp-includes/js/jquery/jquery-migrate.min330a.js]
[petrogas-energy.com/wp-content/plugins/wp-post-modal/public/js/wp-post-modal-public8a54.js]
[petrogas-energy.com/xmlrpc0db0.php]
[petrogas-energy.com/wp-json/index.html]
[petrogas-energy.com/wp-includes/wlwmanifest.xml]
[petrogas-energy.com/wp-json/oembed/1.0/embedb620.json]
[petrogas-energy.com/wp-json/oembed/1.0/embed0d25]
[petrogas-energy.com/wp-content/themes/salient/css/fonts/Lovelo_Black.eot]
[petrogas-energy.com/wp-content/themes/salient/css/fonts/Lovelo_Black.woff]
[petrogas-energy.com/wp-content/themes/salient/css/fonts/Lovelo_Blackd41d.eot]
[petrogas-energy.com/wp-content/themes/salient/css/fonts/Lovelo_Black.ttf]
[petrogas-energy.com/wp-content/uploads/2018/08/logo1.png]
[petrogas-energy.com/wp-content/uploads/2018/08/01-2-1.png]
[petrogas-energy.com/about-us/index.html]
[petrogas-energy.com/wp-content/uploads/2018/08/z1.png]
[petrogas-energy.com/operations/index.html]
[petrogas-energy.com/facilities/index.html]
[petrogas-energy.com/wp-content/uploads/2018/08/bg.png]
[petrogas-energy.com/wp-content/uploads/2018/08/03-1.png]
[petrogas-energy.com/blog-standard/index.html]
[petrogas-energy.com/contact/index.html]
[petrogas-energy.com/wp-content/uploads/2018/09/Petrogas-Profile.pdf]
[petrogas-energy.com/wp-content/uploads/2018/09/ppl-1.png]
[petrogas-energy.com/wp-includes/js/jquery/ui/core.mine899.js]
[petrogas-energy.com/wp-includes/js/jquery/ui/widget.mine899.js]
[petrogas-energy.com/wp-includes/js/jquery/ui/position.mine899.js]
[petrogas-energy.com/wp-includes/js/jquery/ui/menu.mine899.js]
[petrogas-energy.com/wp-includes/js/wp-a11y.min76d7.js]
[petrogas-energy.com/wp-includes/js/jquery/ui/autocomplete.mine899.js]
[petrogas-energy.com/wp-content/themes/salient/nectar/assets/functions/ajax-search/wpss-search-suggest.js]
[petrogas-energy.com/wp-content/plugins/contact-form-7/includes/js/scripts5560.js]
[petrogas-energy.com/wp-content/themes/salient/js/priorityad72.js]
[petrogas-energy.com/wp-content/themes/salient/js/modernizr61da.js]
[petrogas-energy.com/wp-content/themes/salient/js/imagesLoaded.mineda1.js]
[petrogas-energy.com/wp-content/themes/salient/js/magnificf0a0.js]
[petrogas-energy.com/wp-content/themes/salient/js/superfishb493.js]
[petrogas-energy.com/wp-content/themes/salient/js/initad72.js]
[petrogas-energy.com/wp-content/themes/salient/js/nectar-sliderad72.js]
[petrogas-energy.com/wp-content/themes/salient/js/touchswipe.min5152.js]
[petrogas-energy.com/wp-content/themes/salient/js/flickity.minc64e.js]
[petrogas-energy.com/wp-includes/js/comment-reply.min76d7.js]
[petrogas-energy.com/wp-includes/js/wp-embed.min76d7.js]
[petrogas-energy.com/wp-content/plugins/js_composer_salient/assets/js/dist/js_composer_front.min4245.js]
[petrogas-energy.com/index.html]
[petrogas-energy.com/wp-content/plugins/contact-form-7/images/ajax-loader.gif]
[petrogas-energy.com/wp-content/plugins/contact-form-7/includes/css/styles5560.css]
[petrogas-energy.com/wp-content/plugins/wp-post-modal/public/css/wp-post-modal-public8a54.css]
[petrogas-energy.com/wp-content/themes/salient/css/rgsad72.css]
[petrogas-energy.com/wp-content/themes/salient/css/fonts/fontawesome-webfont3ea6.eot]
[petrogas-energy.com/wp-content/themes/salient/css/fonts/fontawesome-webfontd41d.eot]
[petrogas-energy.com/wp-content/themes/salient/css/fonts/fontawesome-webfont3ea6.woff]
[petrogas-energy.com/wp-content/themes/salient/css/fonts/fontawesome-webfont3ea6.ttf]
[petrogas-energy.com/wp-content/themes/salient/css/font-awesome.min82d0.css]
[petrogas-energy.com/wp-content/themes/salient/css/fonts/OpenSans-Light-webfont.eot]
[petrogas-energy.com/wp-content/themes/salient/css/fonts/OpenSans-Light-webfontd41d.eot]
[petrogas-energy.com/wp-content/themes/salient/css/fonts/OpenSans-Light-webfont.woff]
[petrogas-energy.com/wp-content/themes/salient/css/fonts/OpenSans-Light-webfont.ttf]
[petrogas-energy.com/wp-content/themes/salient/css/fonts/OpenSans-Regular-webfont.eot]
[petrogas-energy.com/wp-content/themes/salient/css/fonts/OpenSans-Regular-webfontd41d.eot]
[petrogas-energy.com/wp-content/themes/salient/css/fonts/OpenSans-Regular-webfont.woff]
[petrogas-energy.com/wp-content/themes/salient/css/fonts/OpenSans-Regular-webfont.ttf]
[petrogas-energy.com/wp-content/themes/salient/css/fonts/OpenSans-Semibold-webfont.eot]
[petrogas-energy.com/wp-content/themes/salient/css/fonts/OpenSans-Semibold-webfont.woff]
[petrogas-energy.com/wp-content/themes/salient/css/fonts/OpenSans-Semibold-webfontd41d.eot]
[petrogas-energy.com/wp-content/themes/salient/css/fonts/OpenSans-Semibold-webfont.ttf]
[petrogas-energy.com/wp-content/themes/salient/css/fonts/OpenSansBold-webfont.eot]
[petrogas-energy.com/wp-content/themes/salient/css/fonts/OpenSansBold-webfont.woff]
[petrogas-energy.com/wp-content/themes/salient/css/fonts/OpenSansBold-webfont.ttf]
[petrogas-energy.com/wp-content/themes/salient/css/fonts/OpenSansBold-webfontd41d.eot]
[petrogas-energy.com/wp-content/themes/salient/img/icons/social/vimeo-header-black.49.delayed]
[petrogas-energy.com/wp-content/themes/salient/img/icons/social/behance-header-black.png]
[petrogas-energy.com/wp-content/themes/salient/img/icons/mag-glass-mobile.png]
[petrogas-energy.com/wp-content/themes/salient/img/icons/mag-glass-mobile@2x.png]
[petrogas-energy.com/wp-content/themes/salient/img/icons/slider-arrows-small.png]
[petrogas-energy.com/wp-content/themes/salient/img/icons/jplayer.png]
[petrogas-energy.com/wp-content/themes/salient/img/transparent.png]
[petrogas-energy.com/wp-content/themes/salient/img/icons/leaflet/marker-shadow.png]
[petrogas-energy.com/wp-content/themes/salient/img/icons/quote.png]
[petrogas-energy.com/wp-content/themes/salient/img/icons/link.png]
[petrogas-energy.com/wp-content/themes/salient/img/icons/status.png]
[petrogas-energy.com/wp-content/themes/salient/img/icons/aside.png]
[petrogas-energy.com/wp-content/themes/salient/img/icons/quote@2x.png]
[petrogas-energy.com/wp-content/themes/salient/img/icons/link@2x.png]
[petrogas-energy.com/wp-content/themes/salient/img/icons/status@2x.png]
[petrogas-energy.com/wp-content/themes/salient/img/icons/aside@2x.png]
[petrogas-energy.com/wp-content/themes/salient/img/icons/portfolio-arrows.png]
[petrogas-energy.com/wp-content/themes/salient/img/icons/portfolio-arrows@2x.png]
[petrogas-energy.com/wp-content/themes/salient/img/icons/comment-children-line.jpg]
[petrogas-energy.com/wp-content/themes/salient/css/fonts/icomoon.eot]
[petrogas-energy.com/wp-content/themes/salient/css/fonts/icomoond41d.eot]
[petrogas-energy.com/wp-content/themes/salient/css/fonts/icomoon.woff]
[petrogas-energy.com/wp-content/themes/salient/css/fonts/icomoon.ttf]
[petrogas-energy.com/wp-content/themes/salient/css/fonts/linecons.eot]
[petrogas-energy.com/wp-content/themes/salient/css/fonts/lineconsd41d.eot]
[petrogas-energy.com/wp-content/themes/salient/css/fonts/linecons.ttf]
[petrogas-energy.com/wp-content/themes/salient/css/fonts/linecons.woff]
[petrogas-energy.com/wp-content/themes/salient/css/fonts/steadysets.eot]
[petrogas-energy.com/wp-content/themes/salient/css/fonts/steadysets.ttf]
[petrogas-energy.com/wp-content/themes/salient/css/fonts/steadysets.woff]
[petrogas-energy.com/wp-content/themes/salient/css/fonts/steadysetsd41d.eot]
[petrogas-energy.com/wp-content/themes/salient/stylead72.css]
[petrogas-energy.com/wp-content/themes/salient/css/magnificdb31.css]
[petrogas-energy.com/wp-content/themes/salient/css/responsivead72.css]
[petrogas-energy.com/wp-content/themes/salient/img/textures/grid.png]
[petrogas-energy.com/wp-content/themes/salient/css/nectar-sliderad72.css]
[petrogas-energy.com/wp-content/themes/salient/css/ascendad72.css]
[petrogas-energy.com/wp-content/plugins/js_composer_salient/assets/vc/alert.png]
[petrogas-energy.com/wp-content/plugins/js_composer_salient/assets/vc/info.png]
[petrogas-energy.com/wp-content/plugins/js_composer_salient/assets/vc/tick.png]
[petrogas-energy.com/wp-content/plugins/js_composer_salient/assets/vc/exclamation.png]
[petrogas-energy.com/wp-content/plugins/js_composer_salient/assets/images/icons/address-book.png]
[petrogas-energy.com/wp-content/plugins/js_composer_salient/assets/images/icons/alarm-clock.png]
[petrogas-energy.com/wp-content/plugins/js_composer_salient/assets/images/icons/anchor.png]
[petrogas-energy.com/wp-content/plugins/js_composer_salient/assets/images/icons/application-image.png]
[petrogas-energy.com/wp-content/plugins/js_composer_salient/assets/images/icons/arrow.png]
[petrogas-energy.com/wp-content/plugins/js_composer_salient/assets/images/icons/asterisk.png]
[petrogas-energy.com/wp-content/plugins/js_composer_salient/assets/images/icons/auction-hammer.png]
[petrogas-energy.com/wp-content/plugins/js_composer_salient/assets/images/icons/balloon.png]
[petrogas-energy.com/wp-content/plugins/js_composer_salient/assets/images/icons/balloon-buzz.png]
[petrogas-energy.com/wp-content/plugins/js_composer_salient/assets/images/icons/balloon-facebook.png]
[petrogas-energy.com/wp-content/plugins/js_composer_salient/assets/images/icons/balloon-twitter.png]
[petrogas-energy.com/wp-content/plugins/js_composer_salient/assets/images/icons/battery-full.png]
[petrogas-energy.com/wp-content/plugins/js_composer_salient/assets/images/icons/binocular.png]
[petrogas-energy.com/wp-content/plugins/js_composer_salient/assets/images/icons/blue-document-excel.png]
[petrogas-energy.com/wp-content/plugins/js_composer_salient/assets/images/icons/blue-document-image.png]
[petrogas-energy.com/wp-content/plugins/js_composer_salient/assets/images/icons/blue-document-music.png]
[petrogas-energy.com/wp-content/plugins/js_composer_salient/assets/images/icons/blue-document-office.png]
[petrogas-energy.com/wp-content/plugins/js_composer_salient/assets/images/icons/blue-document-pdf.png]
[petrogas-energy.com/wp-content/plugins/js_composer_salient/assets/images/icons/blue-document-powerpoint.png]
[petrogas-energy.com/wp-content/plugins/js_composer_salient/assets/images/icons/blue-document-word.png]
[petrogas-energy.com/wp-content/plugins/js_composer_salient/assets/images/icons/bookmark.png]
[petrogas-energy.com/wp-content/plugins/js_composer_salient/assets/images/icons/camcorder.png]
[petrogas-energy.com/wp-content/plugins/js_composer_salient/assets/images/icons/camera.png]
[petrogas-energy.com/wp-content/plugins/js_composer_salient/assets/images/icons/chart.png]
[petrogas-energy.com/wp-content/plugins/js_composer_salient/assets/images/icons/chart-pie.png]
[petrogas-energy.com/wp-content/plugins/js_composer_salient/assets/images/icons/clock.png]
[petrogas-energy.com/wp-content/plugins/js_composer_salient/assets/images/icons/control.png]
[petrogas-energy.com/wp-content/plugins/js_composer_salient/assets/images/icons/fire.png]
[petrogas-energy.com/wp-content/plugins/js_composer_salient/assets/images/icons/heart.png]
[petrogas-energy.com/wp-content/plugins/js_composer_salient/assets/images/icons/mail.png]
[petrogas-energy.com/wp-content/plugins/js_composer_salient/assets/images/icons/plus-shield.png]
[petrogas-energy.com/wp-content/plugins/js_composer_salient/assets/images/icons/video.png]
[petrogas-energy.com/wp-content/plugins/js_composer_salient/assets/fonts/vc_icons/fonts/VC-Icons8309.ttf]
[petrogas-energy.com/wp-content/plugins/js_composer_salient/assets/fonts/vc_icons/fonts/VC-Icons8309.woff]
[petrogas-energy.com/wp-content/plugins/js_composer_salient/assets/images/toggle_open.png]
[petrogas-energy.com/wp-content/plugins/js_composer_salient/assets/images/toggle_close.png]
[petrogas-energy.com/wp-content/plugins/js_composer_salient/assets/images/flickr.png]
[petrogas-energy.com/wp-content/plugins/js_composer_salient/assets/fonts/vc_grid/vc_grid_v157a1.eot]
[petrogas-energy.com/wp-content/plugins/js_composer_salient/assets/fonts/vc_grid/vc_grid_v1d41d.eot]
[petrogas-energy.com/wp-content/plugins/js_composer_salient/assets/fonts/vc_grid/vc_grid_v157a1.woff]
[petrogas-energy.com/wp-content/plugins/js_composer_salient/assets/fonts/vc_grid/vc_grid_v157a1.ttf]
[petrogas-energy.com/wp-content/plugins/js_composer_salient/assets/images/spinner.gif]
[petrogas-energy.com/wp-content/plugins/js_composer_salient/assets/vc/remove.png]
[petrogas-energy.com/wp-content/plugins/js_composer_salient/assets/css/js_composer.min4245.css]
[petrogas-energy.com/wp-content/themes/salient/css/fonts/Lovelo_Black.svg]
[petrogas-energy.com/wp-json/oembed/1.0/embed87cf.json]
[petrogas-energy.com/wp-json/oembed/1.0/embedff51]
[petrogas-energy.com/wp-content/uploads/2018/09/about.png]
[petrogas-energy.com/wp-content/uploads/2018/09/about_1.png]
[petrogas-energy.com/wp-content/uploads/2018/09/1.png]
[petrogas-energy.com/wp-content/uploads/2018/09/2.png]
[petrogas-energy.com/wp-content/uploads/2018/09/3.png]
[petrogas-energy.com/wp-content/uploads/2018/09/01.jpg]
[petrogas-energy.com/about-us/index.html]
[petrogas-energy.com/wp-json/oembed/1.0/embedb8c3.json]
[petrogas-energy.com/wp-json/oembed/1.0/embed94e8]
[petrogas-energy.com/wp-content/uploads/2018/09/dessfiles.png]
[petrogas-energy.com/wp-content/uploads/2018/09/dessfiles2-1.png]
[petrogas-energy.com/wp-content/uploads/2018/09/up.png]
[petrogas-energy.com/midstream/index.html]
[petrogas-energy.com/wp-content/uploads/2018/09/mid.png]
[petrogas-energy.com/upstream/index.html]
[petrogas-energy.com/wp-content/uploads/2018/09/down.png]
[petrogas-energy.com/downstream/index.html]
[petrogas-energy.com/wp-content/uploads/2018/09/fin.png]
[petrogas-energy.com/operations/index.html]
[petrogas-energy.com/finance/index.html]
[petrogas-energy.com/wp-json/oembed/1.0/embede930.json]
[petrogas-energy.com/wp-json/oembed/1.0/embed3f7a]
[petrogas-energy.com/wp-content/uploads/2018/09/dessfile3.png]
[petrogas-energy.com/wp-content/uploads/2018/09/l7.png]
[petrogas-energy.com/wp-content/uploads/2018/09/l8.png]
[petrogas-energy.com/wp-content/uploads/2018/09/z1-2.jpg]
[petrogas-energy.com/wp-content/uploads/2018/09/l5.png]
[petrogas-energy.com/wp-content/uploads/2018/09/l1.png]
[petrogas-energy.com/wp-content/uploads/2018/09/l2.png]
[petrogas-energy.com/wp-content/uploads/2018/09/e.jpg]
[petrogas-energy.com/facilities/index.html]
[petrogas-energy.com/wp-json/oembed/1.0/embed06bb.json]
[petrogas-energy.com/blog-standard/feed/index.html]
[petrogas-energy.com/wp-json/oembed/1.0/embed22e9]
[petrogas-energy.com/wp-content/uploads/2018/09/media.png]
[petrogas-energy.com/wp-content/plugins/js_composer_salient/assets/lib/bower/flexslider/jquery.flexslider-min4245.js]
[petrogas-energy.com/blog-standard/index.html]
[petrogas-energy.com/wp-json/oembed/1.0/embed6e87.json]
[petrogas-energy.com/contact/feed/index.html]
[petrogas-energy.com/wp-json/oembed/1.0/embed1ffa]
[petrogas-energy.com/wp-content/uploads/2018/09/dessfiles2.png]
[petrogas-energy.com/contact/index.html]
[petrogas-energy.com/wp-content/uploads/2018/09/Petrogas-Profile.pdf]
[petrogas-energy.com/wp-content/themes/salient/css/fonts/fontawesome-webfont.svg]
[petrogas-energy.com/wp-content/themes/salient/css/fonts/OpenSans-Light-webfont.svg]
[petrogas-energy.com/wp-content/themes/salient/css/fonts/OpenSans-Regular-webfont.svg]
[petrogas-energy.com/wp-content/themes/salient/css/fonts/OpenSans-Semibold-webfont.svg]
[petrogas-energy.com/wp-content/themes/salient/img/icons/loading-white-bg.gif]
[petrogas-energy.com/wp-content/themes/salient/img/icons/social/vimeo-header-black.html]
[petrogas-energy.com/wp-content/themes/salient/img/icons/social/behance-header-black.html]
[petrogas-energy.com/wp-content/themes/salient/css/fonts/icomoon.eot]
[petrogas-energy.com/wp-content/themes/salient/css/fonts/icomoon.svg]
[petrogas-energy.com/wp-content/themes/salient/css/fonts/linecons.svg]
[petrogas-energy.com/wp-content/themes/salient/css/fonts/steadysets.svg]
[petrogas-energy.com/wp-content/plugins/js_composer_salient/assets/fonts/vc_icons/fonts/VC-Icons8309.svg]
[petrogas-energy.com/wp-content/plugins/js_composer_salient/assets/fonts/vc_grid/vc_grid_v157a1.svg]
[petrogas-energy.com/indexb1a6.html]
[petrogas-energy.com/indexbad7.html]
[petrogas-energy.com/wp-json/oembed/1.0/embedb02c.json]
[petrogas-energy.com/wp-json/oembed/1.0/embed09e9]
[petrogas-energy.com/wp-content/uploads/2018/09/l4.png]
[petrogas-energy.com/wp-content/uploads/2018/09/l3.png]
[petrogas-energy.com/midstream/index.html]
[petrogas-energy.com/wp-json/oembed/1.0/embed7a3a.json]
[petrogas-energy.com/wp-json/oembed/1.0/embededbf]
[petrogas-energy.com/wp-content/uploads/2018/09/EP.png]
[petrogas-energy.com/upstream/index.html]
[petrogas-energy.com/wp-json/oembed/1.0/embedef33.json]
[petrogas-energy.com/wp-json/oembed/1.0/embed4902]
[petrogas-energy.com/wp-content/uploads/2018/09/l9.png]
[petrogas-energy.com/downstream/index.html]
[petrogas-energy.com/wp-json/oembed/1.0/embedcafa.json]
[petrogas-energy.com/wp-json/oembed/1.0/embedd1ac]
[petrogas-energy.com/finance/index.html]
[petrogas-energy.com/indexb9a8.html]
[petrogas-energy.com/indexdb79.html]
[petrogas-energy.com/indexccbb.html]
[petrogas-energy.com/wp-content/themes/salient/css/fonts/OpenSansBold-webfont.svg]
[petrogas-energy.com/index4677.html]
[petrogas-energy.com/index0c99.html]
[petrogas-energy.com/index0ec2.html]
[petrogas-energy.com/indexa769.html]
